// Jest Snapshot v1, https://goo.gl/fbAQLP

exports[`CourseModalBody correctly renders 1`] = `
<div>
  <div
    class="modal-body"
  >
    <div
      class="cf"
    >
      <div
        class="col-4-16"
      >
        <div
          class="credits"
        >
          <h3>
            1
          </h3>
          <h4>
             credit
          </h4>
        </div>
        <div
          class="rating-module"
        >
          <h4>
            Average Course Rating
          </h4>
          <div
            class="sub-rating-wrapper"
          >
            <div
              class="star-ratings-sprite"
            >
              <span
                class="rating"
              />
            </div>
          </div>
        </div>
        <div
          class="capacity"
        >
          <div
            class="capacity__tracker-text"
          >
            <span>
              0.12%
               of Seats Added on Semesterly
            </span>
          </div>
        </div>
        <div
          class="modal-module prerequisites"
        >
          <h3
            class="modal-module-header"
          >
            Prerequisites
          </h3>
          <div
            class="prerequisites-radio-group light"
          >
            <div
              class="prerequisites-radio-btn light"
            >
              Original
            </div>
            <div
              class="prerequisites-radio-btn active light"
            >
              Name
            </div>
            <div
              class="prerequisites-radio-btn light"
            >
              Code
            </div>
          </div>
          <p>
            <div
              style="margin-left: 0px;"
            >
              ECO100Y1
              <div
                style="margin-left: 10px;"
              >
                67%
              </div>
              /
              <div
                style="margin-left: 10px;"
              >
                ECO101H1
                <div
                  style="margin-left: 20px;"
                >
                  63%
                </div>
                , ECO102H1
                <div
                  style="margin-left: 20px;"
                >
                  63%
                </div>
                
              </div>
              /ECO105Y1
              <div
                style="margin-left: 10px;"
              >
                80%
              </div>
              ; MAT133Y1/
              <div
                style="margin-left: 10px;"
              >
                MAT135H1, MAT136H1
              </div>
              /MAT137Y1/MAT157Y1
            </div>
          </p>
        </div>
        <div
          class="modal-module areas"
        >
          <h3
            class="modal-module-header"
          >
            Program of Study Tags
          </h3>
          <p>
            None
          </p>
        </div>
        <div
          class="modal-module friends"
        >
          <h3
            class="modal-module-header"
          >
            Friends In This Course
          </h3>
          <div
            id="friends-wrapper"
          >
            <div
              class="friends__inner"
            >
              <div
                class="friend"
              >
                <div
                  class="ms-friend"
                  style="background-image: url(https://scontent.xx.fbcdn.net/v/t1.0-1/p50x50/10957589_10152725992049147_2815259779743523470_n.jpg?oh=85550d1771fec7b1524ac1d9303cd697&oe=598CCC9B);"
                />
                <p
                  title="Linda Margolius Presler"
                >
                  Linda Margolius Presler
                </p>
              </div>
              <div
                class="friend"
              >
                <div
                  class="ms-friend"
                  style="background-image: url(https://scontent.xx.fbcdn.net/v/t1.0-1/c163.0.204.204/s50x50/12321414_113682579025974_6205266913524508520_n.jpg?oh=dfa9c89403c0179bd6b00e4afd300569&oe=599A0E58);"
                />
                <p
                  title="Mylittlewilliamyao Isalwaysontheprowl"
                >
                  Mylittlewilliamyao Isalwaysontheprowl
                </p>
              </div>
            </div>
          </div>
        </div>
        <div
          class="modal-module friends"
        >
          <h3
            class="modal-module-header"
          >
            Friends Who Have Taken This Course
          </h3>
          <div
            id="friends-wrapper"
          >
            <div
              class="friends__inner"
            >
              <div
                class="friend"
              >
                <div
                  class="ms-friend"
                  style="background-image: url(https://scontent.xx.fbcdn.net/v/t1.0-1/p50x50/10957589_10152725992049147_2815259779743523470_n.jpg?oh=85550d1771fec7b1524ac1d9303cd697&oe=598CCC9B);"
                />
                <p
                  title="Linda Margolius Presler"
                >
                  Linda Margolius Presler
                </p>
              </div>
            </div>
          </div>
        </div>
      </div>
      <div
        class="col-8-16"
      >
        <h3
          class="modal-module-header"
        >
          Reactions
        </h3>
        <p>
          Check out your classmate's reactions – click an emoji to add your own opinion!
        </p>
        <div
          class="reactions-wrapper"
        >
          <div
            class="reactions"
          >
            <div
              class="swing reaction"
            >
              <div
                class="emoji"
                style="height: 20px; width: 20px;"
              >
                <img
                  alt="🔥"
                  class="emoji"
                  draggable="false"
                  src="https://cdn.jsdelivr.net/gh/jdecked/twemoji@15.1.0/assets/72x72/1f525.png"
                />
              </div>
              <div
                class="action-container"
              >
                <div
                  class="emoji-action"
                >
                  <i
                    class="fa fa-plus"
                  />
                </div>
                <div
                  class="emoji-count"
                >
                  <span>
                    0
                  </span>
                </div>
              </div>
              <div
                class="reaction-dropdown"
              >
                <div
                  class="tip-border"
                />
                <div
                  class="tip"
                />
                <span>
                  Must Take
                </span>
              </div>
            </div>
            <div
              class="swing reaction"
            >
              <div
                class="emoji"
                style="height: 20px; width: 20px;"
              >
                <img
                  alt="😍"
                  class="emoji"
                  draggable="false"
                  src="https://cdn.jsdelivr.net/gh/jdecked/twemoji@15.1.0/assets/72x72/1f60d.png"
                />
              </div>
              <div
                class="action-container"
              >
                <div
                  class="emoji-action"
                >
                  <i
                    class="fa fa-plus"
                  />
                </div>
                <div
                  class="emoji-count"
                >
                  <span>
                    0
                  </span>
                </div>
              </div>
              <div
                class="reaction-dropdown"
              >
                <div
                  class="tip-border"
                />
                <div
                  class="tip"
                />
                <span>
                  Love It
                </span>
              </div>
            </div>
            <div
              class="swing reaction"
            >
              <div
                class="emoji"
                style="height: 20px; width: 20px;"
              >
                <img
                  alt="💩"
                  class="emoji"
                  draggable="false"
                  src="https://cdn.jsdelivr.net/gh/jdecked/twemoji@15.1.0/assets/72x72/1f4a9.png"
                />
              </div>
              <div
                class="action-container"
              >
                <div
                  class="emoji-action"
                >
                  <i
                    class="fa fa-plus"
                  />
                </div>
                <div
                  class="emoji-count"
                >
                  <span>
                    0
                  </span>
                </div>
              </div>
              <div
                class="reaction-dropdown"
              >
                <div
                  class="tip-border"
                />
                <div
                  class="tip"
                />
                <span>
                  Crap Class
                </span>
              </div>
            </div>
            <div
              class="swing reaction"
            >
              <div
                class="emoji"
                style="height: 20px; width: 20px;"
              >
                <img
                  alt="😐"
                  class="emoji"
                  draggable="false"
                  src="https://cdn.jsdelivr.net/gh/jdecked/twemoji@15.1.0/assets/72x72/1f610.png"
                />
              </div>
              <div
                class="action-container"
              >
                <div
                  class="emoji-action"
                >
                  <i
                    class="fa fa-plus"
                  />
                </div>
                <div
                  class="emoji-count"
                >
                  <span>
                    0
                  </span>
                </div>
              </div>
              <div
                class="reaction-dropdown"
              >
                <div
                  class="tip-border"
                />
                <div
                  class="tip"
                />
                <span>
                  It's Aight
                </span>
              </div>
            </div>
            <div
              class="swing reaction"
            >
              <div
                class="emoji"
                style="height: 20px; width: 20px;"
              >
                <img
                  alt="😴"
                  class="emoji"
                  draggable="false"
                  src="https://cdn.jsdelivr.net/gh/jdecked/twemoji@15.1.0/assets/72x72/1f634.png"
                />
              </div>
              <div
                class="action-container"
              >
                <div
                  class="emoji-action"
                >
                  <i
                    class="fa fa-plus"
                  />
                </div>
                <div
                  class="emoji-count"
                >
                  <span>
                    0
                  </span>
                </div>
              </div>
              <div
                class="reaction-dropdown"
              >
                <div
                  class="tip-border"
                />
                <div
                  class="tip"
                />
                <span>
                  Boring
                </span>
              </div>
            </div>
            <div
              class="swing reaction"
            >
              <div
                class="emoji"
                style="height: 20px; width: 20px;"
              >
                <img
                  alt="😩"
                  class="emoji"
                  draggable="false"
                  src="https://cdn.jsdelivr.net/gh/jdecked/twemoji@15.1.0/assets/72x72/1f629.png"
                />
              </div>
              <div
                class="action-container"
              >
                <div
                  class="emoji-action"
                >
                  <i
                    class="fa fa-plus"
                  />
                </div>
                <div
                  class="emoji-count"
                >
                  <span>
                    0
                  </span>
                </div>
              </div>
              <div
                class="reaction-dropdown"
              >
                <div
                  class="tip-border"
                />
                <div
                  class="tip"
                />
                <span>
                  Hard
                </span>
              </div>
            </div>
            <div
              class="swing reaction"
            >
              <div
                class="emoji"
                style="height: 20px; width: 20px;"
              >
                <img
                  alt="💯"
                  class="emoji"
                  draggable="false"
                  src="https://cdn.jsdelivr.net/gh/jdecked/twemoji@15.1.0/assets/72x72/1f4af.png"
                />
              </div>
              <div
                class="action-container"
              >
                <div
                  class="emoji-action"
                >
                  <i
                    class="fa fa-plus"
                  />
                </div>
                <div
                  class="emoji-count"
                >
                  <span>
                    0
                  </span>
                </div>
              </div>
              <div
                class="reaction-dropdown"
              >
                <div
                  class="tip-border"
                />
                <div
                  class="tip"
                />
                <span>
                  Easy
                </span>
              </div>
            </div>
            <div
              class="swing reaction"
            >
              <div
                class="emoji"
                style="height: 20px; width: 20px;"
              >
                <img
                  alt="🤓"
                  class="emoji"
                  draggable="false"
                  src="https://cdn.jsdelivr.net/gh/jdecked/twemoji@15.1.0/assets/72x72/1f913.png"
                />
              </div>
              <div
                class="action-container"
              >
                <div
                  class="emoji-action"
                >
                  <i
                    class="fa fa-plus"
                  />
                </div>
                <div
                  class="emoji-count"
                >
                  <span>
                    0
                  </span>
                </div>
              </div>
              <div
                class="reaction-dropdown"
              >
                <div
                  class="tip-border"
                />
                <div
                  class="tip"
                />
                <span>
                  Interesting
                </span>
              </div>
            </div>
          </div>
        </div>
        <div
          class="modal-module"
        >
          <h3
            class="modal-module-header"
          >
            Course Description
          </h3>
          <p>
            The use of microeconomics to analyze a variety of issues from marketing and finance to organizational structure. Consumer preferences and behavior; demand, cost analysis and estimation; allocation of inputs, pricing and firm behavior under perfect and imperfect competition; game theory and public policy, including competition policy. Business cases are used to connect theory and practice and to highlight differences and similarities between economics and accounting, marketing and finance. This course is restricted to students in the Commerce programs.
          </p>
        </div>
        <div
          class="modal-module"
        >
          <h3
            class="modal-module-header"
          >
            Course Evaluations
          </h3>
          <div
            class="modal-entry course-evaluations "
          >
            <p
              class="empty-intro"
            >
              No course evaluations for this course yet.
            </p>
          </div>
        </div>
      </div>
      <div
        class="col-4-16 cf"
        id="modal-section-lists"
      >
        <div>
          <h3
            class="modal-module-header"
          >
             
            Lecture Sections
             
            <small>
              (Hover to see the section on your timetable)
            </small>
             
          </h3>
          <div
            class="modal-section"
          >
            <h4>
              <span>
                L0101
              </span>
              <i
                class="fa fa-calendar-check-o"
              />
            </h4>
            <h5>
              S Hussain
            </h5>
            <h6>
              <span
                class="green"
              >
                140 open
              </span>
              <span>
                 / 
              </span>
              <span
                class="total-seats"
              >
                140
                 seats
              </span>
            </h6>
            <i
              class="fa fa-lock"
            />
          </div>
          <div
            class="modal-section"
          >
            <h4>
              <span>
                L0201
              </span>
              <i
                class="fa fa-calendar-check-o"
              />
            </h4>
            <h5>
              S Hussain
            </h5>
            <h6>
              <span
                class="green"
              >
                130 open
              </span>
              <span>
                 / 
              </span>
              <span
                class="total-seats"
              >
                130
                 seats
              </span>
            </h6>
            <i
              class="fa fa-lock"
            />
          </div>
          <div
            class="modal-section"
          >
            <h4>
              <span>
                L0301
              </span>
              <i
                class="fa fa-calendar-check-o"
              />
            </h4>
            <h5>
              S Hussain
            </h5>
            <h6>
              <span
                class="green"
              >
                140 open
              </span>
              <span>
                 / 
              </span>
              <span
                class="total-seats"
              >
                140
                 seats
              </span>
            </h6>
            <i
              class="fa fa-lock"
            />
          </div>
          <div
            class="modal-section"
          >
            <h4>
              <span>
                L0401
              </span>
              <i
                class="fa fa-calendar-check-o"
              />
            </h4>
            <h5>
              S Hussain
            </h5>
            <h6>
              <span
                class="green"
              >
                130 open
              </span>
              <span>
                 / 
              </span>
              <span
                class="total-seats"
              >
                130
                 seats
              </span>
            </h6>
            <i
              class="fa fa-lock"
            />
          </div>
          <div
            class="modal-section"
          >
            <h4>
              <span>
                L0501
              </span>
              <i
                class="fa fa-calendar-check-o"
              />
            </h4>
            <h5>
              P Foltin
            </h5>
            <h6>
              <span
                class="green"
              >
                130 open
              </span>
              <span>
                 / 
              </span>
              <span
                class="total-seats"
              >
                130
                 seats
              </span>
            </h6>
            <i
              class="fa fa-lock"
            />
          </div>
          <div
            class="modal-section"
          >
            <h4>
              <span>
                L5101
              </span>
              <i
                class="fa fa-calendar-check-o"
              />
            </h4>
            <h5>
              P Blanchenay
            </h5>
            <h6>
              <span
                class="green"
              >
                140 open
              </span>
              <span>
                 / 
              </span>
              <span
                class="total-seats"
              >
                140
                 seats
              </span>
            </h6>
            <i
              class="fa fa-lock"
            />
          </div>
        </div>
      </div>
    </div>
  </div>
</div>
`;
